[36mvite v8.0.1 [32mbuilding client environment for production...[36m[39m
[2K
transforming...Γ£ô 2203 modules transformed.
rendering chunks...
computing gzip size...
dist/index.html                   1.41 kB Γöé gzip:   0.63 kB
dist/assets/index-DUeDYmmP.css   46.86 kB Γöé gzip:   8.87 kB
dist/assets/index-PVZIFPMI.js   515.49 kB Γöé gzip: 159.56 kB

[32mΓ£ô built in 1.14s[39m
node.exe : 
[33m[plugin builtin:v
ite-reporter] 
At line:1 char:1
+ & "C:\Program Files\
nodejs/node.exe" 
"C:\Program 
Files\nodejs/node_mo 
...
+ ~~~~~~~~~~~~~~~~~~~~
~~~~~~~~~~~~~~~~~~~~~~
~~~~~~~~~~~~~~~~~~~~~~
~~~~~
    + CategoryInfo    
          : NotSpeci  
  fied: ([33m[plug   
 in builtin:vite-r    
eporter] :String)     
[], RemoteExcept    
ion
    + FullyQualifiedE 
   rrorId : NativeCo  
  mmandError
 
(!) Some chunks are 
larger than 500 kB 
after minification. 
Consider:
- Using dynamic 
import() to 
code-split the 
application
- Use build.rolldownOp
tions.output.codeSplit
ting to improve 
chunking: https://roll
down.rs/reference/Outp
utOptions.codeSplittin
g
- Adjust chunk size 
limit for this 
warning via build.chun
kSizeWarningLimit.[39
m
